I'm sorry, but errors were detected in your script. Please correct the
errors listed below, and try again.


File "game/screens.rpy", line 137: style property zoom is not known.
    zoom 0.5
        ^

Ren'Py Version: Ren'Py 8.3.7.25031702
Thu May 22 20:46:07 2025
